2026-09-13T10:33:39.4242711Z RUNNER START
2026-09-13T10:34:28.1429841Z START node m5.js 0 8
2026-09-13T10:34:28.1540216Z START node m5.js 1 8
2026-09-13T10:34:28.1695853Z START node m5.js 2 8
2026-09-13T10:34:28.1847409Z START node m5.js 3 8
2026-09-13T10:34:28.2050484Z START node m5.js 4 8
2026-09-13T10:34:28.2175968Z START node m5.js 5 8
2026-09-13T10:34:28.2326378Z START node m5.js 6 8
2026-09-13T10:34:28.2512995Z START node m5.js 7 8
2026-09-24T17:05:17.5984353Z RUNNER START
2026-09-24T22:00:47.9283364Z START node m5v25.js 0 8
2026-09-24T22:00:47.9454053Z START node m5v25.js 1 8
2026-09-24T22:00:47.9594702Z START node m5v25.js 2 8
2026-09-24T22:00:47.9824992Z START node m5v25.js 3 8
2026-09-24T22:00:48.0211480Z START node m5v25.js 4 8
2026-09-24T22:00:48.0897766Z START node m5v25.js 5 8
2026-09-24T22:00:48.1073565Z START node m5v25.js 6 8
2026-09-24T22:00:48.3044107Z START node m5v25.js 7 8
2026-09-24T22:00:48.5079487Z START node bake-facit4.js
2026-09-24T22:17:27.7024642Z START node bake-facit4.js
2026-09-24T22:17:27.7175180Z START node m5v25.js 0 8
2026-09-24T22:17:27.7365739Z START node m5v25.js 1 8
2026-09-24T22:17:27.7496443Z START node m5v25.js 2 8
2026-09-24T22:17:27.7712393Z START node m5v25.js 3 8
2026-09-24T22:17:27.8293285Z START node m5v25.js 4 8
2026-09-24T22:17:27.9707142Z START node m5v25.js 5 8
2026-09-24T22:17:28.1294136Z START node m5v25.js 6 8
2026-09-24T22:17:28.1856078Z START node m5v25.js 7 8
2026-09-24T22:19:13.8454308Z STOP (dodade node)
2026-09-24T22:39:05.8975869Z START node bake-facit4.js
2026-09-24T22:39:05.9196538Z START node m5v25.js 0 8
2026-09-24T22:39:06.0061857Z START node m5v25.js 1 8
2026-09-24T22:39:06.0327968Z START node m5v25.js 2 8
2026-09-24T22:39:06.1061118Z START node m5v25.js 3 8
2026-09-24T22:39:06.1681381Z START node m5v25.js 4 8
2026-09-24T22:39:06.3891620Z START node m5v25.js 5 8
2026-09-24T22:39:06.4200376Z START node m5v25.js 6 8
2026-09-24T22:39:06.4541481Z START node m5v25.js 7 8
2026-09-26T10:56:57.2528198Z START node node m5v25-1400.js 0 8
2026-09-26T10:56:57.2653627Z START node node m5v25-1400.js 1 8
2026-09-26T10:56:57.2771985Z START node node m5v25-1400.js 2 8
2026-09-26T10:56:57.2897779Z START node node m5v25-1400.js 3 8
2026-09-26T10:56:57.3078389Z START node node m5v25-1400.js 4 8
2026-09-26T10:56:57.3311939Z START node node m5v25-1400.js 5 8
2026-09-26T10:56:57.3527401Z START node node m5v25-1400.js 6 8
2026-09-26T10:56:57.3773107Z START node node m5v25-1400.js 7 8
2026-09-26T10:58:18.6365348Z START node m5v25-1400.js 0 8
2026-09-26T10:58:18.6491793Z START node m5v25-1400.js 1 8
2026-09-26T10:58:18.6618368Z START node m5v25-1400.js 2 8
2026-09-26T10:58:18.6765491Z START node m5v25-1400.js 3 8
2026-09-26T10:58:18.6957214Z START node m5v25-1400.js 4 8
2026-09-26T10:58:18.7132689Z START node m5v25-1400.js 5 8
2026-09-26T10:58:18.7519006Z START node m5v25-1400.js 6 8
2026-09-26T10:58:18.7855319Z START node m5v25-1400.js 7 8
2026-09-26T15:16:21.9294748Z START node m5v25-1400.js 0 8
2026-09-26T15:16:21.9410273Z START node m5v25-1400.js 1 8
2026-09-26T15:16:21.9525950Z START node m5v25-1400.js 2 8
2026-09-26T15:16:21.9736806Z START node m5v25-1400.js 3 8
2026-09-26T15:16:21.9942630Z START node m5v25-1400.js 4 8
2026-09-26T15:16:22.0133525Z START node m5v25-1400.js 5 8
2026-09-26T15:16:22.0264981Z START node m5v25-1400.js 6 8
2026-09-26T15:16:22.0445876Z START node m5v25-1400.js 7 8
2026-09-26T16:11:13.6863264Z START node bake-facit4.js
2026-09-26T16:13:29.5819063Z STOP (dodade node)
2026-09-26T16:13:29.5949501Z START node bake-facit4.js
2026-09-26T16:26:43.8656330Z START node promote-facit.js
2026-09-26T20:39:31.6966798Z RUNNER START
2026-09-26T20:40:31.9264274Z START node p234-pc.js 97013 100
