DONE engine-v24text 4242 lines50 15 types50 start,tech,death,trade,product,village,leader,aggregate,tribute,sickness,raid,religion
DONE engine-v24text 97013 lines50 15 types50 start,village,raid,leader,death,knowledgeLost,feud,violence,sickness
DONE engine-v24text 20260718 lines50 15 types50 start,village,death,wolfAttack,leader,raid,violence,sickness,feud
DONE engine-v24text 31415 lines50 15 types50 start,tech,wolfAttack,trade,death,village,sickness,raid,violence,feud
DONE engine-v24text 2323 lines50 15 types50 start,death,raid,village,tradition,violence,feud,sickness
DONE engine-v24text 1618 lines50 15 types50 start,village,trade,tradition,death,leader,raid,violence,feud,aggregate,sickness
DONE engine-v24text 777 lines50 15 types50 start,wolfAttack,death,knowledgeLost,village,tradition,violence,leader,tribute,reformation,sickness,aggregate
DONE engine-v24text 97013-founders lines50 15 types50 start,wolfAttack,village,death,knowledgeLost,raid,violence,feud
DONE engine-v23 4242 lines50 15 types50 start,tech,death,trade,product,village,leader,aggregate,tribute,sickness,raid,religion
DONE engine-v23 97013 lines50 15 types50 start,village,raid,leader,death,knowledgeLost,feud,violence,sickness
DONE engine-v23 20260718 lines50 15 types50 start,village,death,wolfAttack,leader,raid,violence,sickness,feud
DONE engine-v23 31415 lines50 15 types50 start,tech,wolfAttack,trade,death,village,sickness,raid,violence,feud
DONE engine-v23 2323 lines50 15 types50 start,death,raid,village,tradition,violence,feud,sickness
DONE engine-v23 1618 lines50 15 types50 start,village,trade,tradition,death,leader,raid,violence,feud,aggregate,sickness
DONE engine-v23 777 lines50 15 types50 start,wolfAttack,death,knowledgeLost,village,tradition,violence,leader,tribute,reformation,sickness,aggregate
DONE engine-v23 97013-founders lines50 15 types50 start,wolfAttack,village,death,knowledgeLost,raid,violence,feud
DONE engine-v22 4242 lines50 15 types50 start,tech,death,trade,product,village,leader,aggregate,tribute,sickness,raid,religion
DONE engine-v22 97013 lines50 15 types50 start,village,raid,leader,death,knowledgeLost,feud,violence,sickness
DONE engine-v22 20260718 lines50 15 types50 start,village,death,wolfAttack,leader,raid,violence,sickness,feud
DONE engine-v22 31415 lines50 15 types50 start,tech,wolfAttack,trade,death,village,sickness,raid,violence,feud
DONE engine-v22 2323 lines50 15 types50 start,death,raid,village,tradition,violence,feud,sickness
DONE engine-v22 1618 lines50 15 types50 start,village,trade,tradition,death,leader,raid,violence,feud,aggregate,sickness
DONE engine-v22 777 lines50 15 types50 start,wolfAttack,death,knowledgeLost,village,tradition,violence,leader,tribute,reformation,sickness,aggregate
DONE engine-v22 97013-founders lines50 15 types50 start,wolfAttack,village,death,knowledgeLost,raid,violence,feud
# DONE 2026-09-12T05:59:02Z
